// Jest Snapshot v1, https://goo.gl/fbAQLP

exports[`Progress renders progress page unchanged 1`] = `
<div>
  <div
    class="outer_container"
  >
    <div
      class="inner_container_light"
    >
      <article
        class="progress_page"
      >
        <section
          class="section_1"
        >
          <h1>
            Your 
            <br />
             challenge 
            <br />
             badges
          </h1>
          <div
            class="days_blob_container"
          >
            <img
              alt="days remaining blob"
              class="blob"
              data-nimg="1"
              decoding="async"
              fetchpriority="high"
              height="40"
              src="/_next/image?url=%2Fimg.jpg&w=96&q=75"
              srcset="/_next/image?url=%2Fimg.jpg&w=48&q=75 1x, /_next/image?url=%2Fimg.jpg&w=96&q=75 2x"
              style="color: transparent;"
              width="40"
            />
            <div
              class="days_label"
            >
              <p
                class="number_shadow"
              >
                8
              </p>
              <h3
                class="days_left"
              >
                Days
                 left
              </h3>
            </div>
          </div>
        </section>
        <img
          alt="black curve"
          class="curve"
          data-nimg="1"
          decoding="async"
          fetchpriority="high"
          height="40"
          src="/_next/image?url=%2Fimg.jpg&w=96&q=75"
          srcset="/_next/image?url=%2Fimg.jpg&w=48&q=75 1x, /_next/image?url=%2Fimg.jpg&w=96&q=75 2x"
          style="color: transparent;"
          width="40"
        />
        <section
          class="section_2"
        >
          <h3>
            You completed
             
             
            <span
              class="underline"
            >
              0
            </span>
             
            badges
          </h3>
          <button
            class="gradient lg wide"
            href="/share"
            type="button"
          >
            <span>
              Invite Friends
            </span>
          </button>
          <div>
            <p
              class="register"
            >
              Not registered to vote yet?
              <br />
              <a
                href="/register/eligibility"
              >
                Register now
              </a>
               
              and earn a badge!
            </p>
          </div>
        </section>
        <section
          class="section_3"
        >
          <div
            class="badges"
          >
            <div
              class="blob"
            >
              <img
                alt="number badge background blob"
                class="disable"
                data-nimg="1"
                decoding="async"
                height="40"
                loading="lazy"
                src="/_next/image?url=%2Fimg.jpg&w=96&q=75"
                srcset="/_next/image?url=%2Fimg.jpg&w=48&q=75 1x, /_next/image?url=%2Fimg.jpg&w=96&q=75 2x"
                style="color: transparent;"
                width="40"
              />
            </div>
            <div
              class="blob_content"
            >
              <p
                class="index"
              >
                1
              </p>
            </div>
          </div>
          <div
            class="badges"
          >
            <div
              class="blob"
            >
              <img
                alt="number badge background blob"
                class="disable"
                data-nimg="1"
                decoding="async"
                height="40"
                loading="lazy"
                src="/_next/image?url=%2Fimg.jpg&w=96&q=75"
                srcset="/_next/image?url=%2Fimg.jpg&w=48&q=75 1x, /_next/image?url=%2Fimg.jpg&w=96&q=75 2x"
                style="color: transparent;"
                width="40"
              />
            </div>
            <div
              class="blob_content"
            >
              <p
                class="index"
              >
                2
              </p>
            </div>
          </div>
          <div
            class="badges"
          >
            <div
              class="blob"
            >
              <img
                alt="number badge background blob"
                class="disable"
                data-nimg="1"
                decoding="async"
                height="40"
                loading="lazy"
                src="/_next/image?url=%2Fimg.jpg&w=96&q=75"
                srcset="/_next/image?url=%2Fimg.jpg&w=48&q=75 1x, /_next/image?url=%2Fimg.jpg&w=96&q=75 2x"
                style="color: transparent;"
                width="40"
              />
            </div>
            <div
              class="blob_content"
            >
              <p
                class="index"
              >
                3
              </p>
            </div>
          </div>
          <div
            class="badges"
          >
            <div
              class="blob"
            >
              <img
                alt="number badge background blob"
                class="disable"
                data-nimg="1"
                decoding="async"
                height="40"
                loading="lazy"
                src="/_next/image?url=%2Fimg.jpg&w=96&q=75"
                srcset="/_next/image?url=%2Fimg.jpg&w=48&q=75 1x, /_next/image?url=%2Fimg.jpg&w=96&q=75 2x"
                style="color: transparent;"
                width="40"
              />
            </div>
            <div
              class="blob_content"
            >
              <p
                class="index"
              >
                4
              </p>
            </div>
          </div>
          <div
            class="badges"
          >
            <div
              class="blob"
            >
              <img
                alt="number badge background blob"
                class="disable"
                data-nimg="1"
                decoding="async"
                height="40"
                loading="lazy"
                src="/_next/image?url=%2Fimg.jpg&w=96&q=75"
                srcset="/_next/image?url=%2Fimg.jpg&w=48&q=75 1x, /_next/image?url=%2Fimg.jpg&w=96&q=75 2x"
                style="color: transparent;"
                width="40"
              />
            </div>
            <div
              class="blob_content"
            >
              <p
                class="index"
              >
                5
              </p>
            </div>
          </div>
          <div
            class="badges"
          >
            <div
              class="blob"
            >
              <img
                alt="number badge background blob"
                class="disable"
                data-nimg="1"
                decoding="async"
                height="40"
                loading="lazy"
                src="/_next/image?url=%2Fimg.jpg&w=96&q=75"
                srcset="/_next/image?url=%2Fimg.jpg&w=48&q=75 1x, /_next/image?url=%2Fimg.jpg&w=96&q=75 2x"
                style="color: transparent;"
                width="40"
              />
            </div>
            <div
              class="blob_content"
            >
              <p
                class="index"
              >
                6
              </p>
            </div>
          </div>
          <div
            class="badges"
          >
            <div
              class="blob"
            >
              <img
                alt="number badge background blob"
                class="disable"
                data-nimg="1"
                decoding="async"
                height="40"
                loading="lazy"
                src="/_next/image?url=%2Fimg.jpg&w=96&q=75"
                srcset="/_next/image?url=%2Fimg.jpg&w=48&q=75 1x, /_next/image?url=%2Fimg.jpg&w=96&q=75 2x"
                style="color: transparent;"
                width="40"
              />
            </div>
            <div
              class="blob_content"
            >
              <p
                class="index"
              >
                7
              </p>
            </div>
          </div>
          <div
            class="badges"
          >
            <div
              class="blob"
            >
              <img
                alt="number badge background blob"
                class="disable"
                data-nimg="1"
                decoding="async"
                height="40"
                loading="lazy"
                src="/_next/image?url=%2Fimg.jpg&w=96&q=75"
                srcset="/_next/image?url=%2Fimg.jpg&w=48&q=75 1x, /_next/image?url=%2Fimg.jpg&w=96&q=75 2x"
                style="color: transparent;"
                width="40"
              />
            </div>
            <div
              class="blob_content"
            >
              <p
                class="index"
              >
                8
              </p>
            </div>
          </div>
        </section>
        <section
          class="section_4"
        >
          <button
            class="gradient lg wide"
            href="/share"
            type="button"
          >
            <span>
              Invite Friends
            </span>
          </button>
          <div>
            <p
              class="register"
            >
              Not registered to vote yet?
              <br />
              <a
                href="/register/eligibility"
              >
                Register now
              </a>
               
              and earn a badge!
            </p>
          </div>
        </section>
      </article>
    </div>
  </div>
</div>
`;
