// Jest Snapshot v1, https://goo.gl/fbAQLP

exports[`Links--Player renders player links unchanged 1`] = `
<div>
  <div
    class="alert_container"
  >
    <div
      class="hidden"
      role="alert"
    />
  </div>
  <li>
    <button
      class="gradient sm take_the_challenge_btn"
    >
      <span>
        Take The Challenge
      </span>
    </button>
  </li>
  <li>
    <a
      class="link_lg_top"
      href="/actions"
    >
      Take Action
    </a>
  </li>
  <li>
    <a
      class="link_lg"
      href="/why8by8"
    >
      Why 8by8
    </a>
  </li>
  <li>
    <a
      class="link_sm_top"
      href="/tos"
    >
      Terms of Service
    </a>
  </li>
  <li>
    <a
      class="link_sm"
      href="/privacy"
    >
      Privacy Policy
    </a>
  </li>
  <li>
    <button
      class="signout_btn"
    >
      Sign out
    </button>
  </li>
</div>
`;
